// Jest Snapshot v1, https://goo.gl/fbAQLP

exports[`Renders docs 1`] = `
<FileUpload
  accept="application/pdf"
  addFile={[MockFunction]}
>
  <div>
    <div
      className=""
      onBlur={[Function]}
      onClick={[Function]}
      onDragEnter={[Function]}
      onDragLeave={[Function]}
      onDragOver={[Function]}
      onDrop={[Function]}
      onFocus={[Function]}
      onKeyDown={[Function]}
      tabIndex={0}
    >
      <input
        accept="application/pdf"
        autoComplete="off"
        multiple={true}
        onChange={[Function]}
        onClick={[Function]}
        style={
          Object {
            "display": "none",
          }
        }
        tabIndex={-1}
        type="file"
      />
      Add file
    </div>
  </div>
</FileUpload>
`;
